// Jest Snapshot v1, https://goo.gl/fbAQLP

exports[`TableBody Snapshot capturing Snapshot of FormInputDate 1`] = `
<thead>
  <tr>
    <th />
    <th
      className="text-center"
    >
      Resto 1
    </th>
    <th
      className="text-center"
    >
      Resto 2
    </th>
    <th
      className="text-center"
    >
      Resto 3
    </th>
  </tr>
</thead>
`;
