// Jest Snapshot v1, https://goo.gl/fbAQLP

exports[`FormInputPseudo Snapshot capturing Snapshot of FormInputPseudo 1`] = `
<div
  className="form-group"
>
  <label
    className="text-white"
    htmlFor="pseudo"
  >
    Indique ton pseudo
  </label>
  <input
    className="form-control"
    id="pseudo"
    name="pseudo"
    onChange={[Function]}
    required={true}
    type="text"
    value="bob"
  />
</div>
`;
